// Jest Snapshot v1, https://goo.gl/fbAQLP

exports[`< EventInput /> matches the snapshot 1`] = `
<div>
  <div>
    Event:
    Type:
    Description:
    Date:
    <button
      onClick={[Function]}
    >
      Edit
    </button>
    <button
      onClick={[Function]}
    >
      Delete
    </button>
  </div>
</div>
`;
